// Jest Snapshot v1, https://goo.gl/fbAQLP

exports[`should render LoadingPage correctly 1`] = `
<div
  className="busy-indicator--full-page"
>
  <BusyIndicator
    size="xl"
  />
</div>
`;
