// Jest Snapshot v1, https://goo.gl/fbAQLP

exports[`should render NotFoundPage correctly 1`] = `
<div
  className="page"
>
  <div
    className="container"
  >
    <div
      className="row justify-content-center"
    >
      <div
        className="col-xs-auto"
      >
        <h2>
          <i
            className="fas fa-exclamation-triangle"
          />
          Â Not Found
        </h2>
        <p
          className="lead"
        >
          Return to the 
          <Link
            to="/"
          >
            stacks
          </Link>
          .
        </p>
      </div>
    </div>
  </div>
</div>
`;
