// Jest Snapshot v1, https://goo.gl/fbAQLP

exports[`should render StacksPage correctly 1`] = `
<div
  className="page"
>
  <div
    className="container"
  >
    <h2
      className="display-4"
    >
      Technology Stacks
    </h2>
    <div
      className="row"
    >
      <div
        className="col-lg col-md-6 col-sm-12 mb-3"
      >
        <ConnectFunction
          name="Application"
          type="application"
        />
      </div>
      <div
        className="col-lg col-md-6 col-sm-12 mb-3"
      >
        <ConnectFunction
          name="Test"
          type="test"
        />
      </div>
      <div
        className="col-lg col-md-6 col-sm-12 mb-3"
      >
        <ConnectFunction
          name="Build"
          type="build"
        />
      </div>
    </div>
  </div>
</div>
`;
